<html>
<body>
<pre>
<h1>礦ision Build Log</h1>
<h2>Tool Versions:</h2>
IDE-Version: μVision V5.26.2.0
Copyright (C) 2018 ARM Ltd and ARM Germany GmbH. All rights reserved.
License Information: a a, a, LIC=S5IBS-LD580-GMD99-4NLY1-U4XUX-KTSU4
 
Tool Versions:
Toolchain:       MDK-ARM Professional  Version: 5.26.2.0
Toolchain Path:  C:\Keil_v5\ARM\ARMCC\Bin
C Compiler:      Armcc.exe V5.03 [Build 76]
Assembler:       Armasm.exe V5.06 update 6 (build 750)
Linker/Locator:  ArmLink.exe V5.03.0.76
Library Manager: ArmAr.exe V5.03.0.76
Hex Converter:   FromElf.exe V5.03.0.76
CPU DLL:         SARMCM3.DLL V5.26.2.0
Dialog DLL:      DCM.DLL V1.10.0.0
Target DLL:      UL2CM3.DLL V1.150.11.0
Dialog DLL:      TCM.DLL V1.14.1.0
 
<h2>Project:</h2>
H:\液晶屏资料程序\0.96新彩色OLED\stm32\0.95inch RGB OLED Open103V\IDE\SSD1331 OLED.uvproj
Project File Date:  11/03/2018

<h2>Output:</h2>
*** Using Compiler 'V5.03 [Build 76]', folder: 'C:\Keil_v5\ARM\ARMCC\Bin'
Rebuild target 'SSD1331 OLED'
compiling delay.c...
compiling SPI.c...
compiling SSD1331.c...
compiling Fonts.c...
compiling system_stm32f10x.c...
compiling core_cm3.c...
assembling startup_stm32f10x_hd.s...
compiling misc.c...
compiling stm32f10x_gpio.c...
compiling stm32f10x_rcc.c...
compiling stm32f10x_spi.c...
compiling Config.c...
compiling main.c...
compiling stm32f10x_it.c...
linking...
Program Size: Code=6578 RO-data=4222 RW-data=44 ZI-data=1636  
FromELF: creating hex file...
"..\TEMP\SSD1331 OLED.axf" - 0 Error(s), 0 Warning(s).
Build Time Elapsed:  00:00:04
</pre>
</body>
</html>
