C51 COMPILER V7.06   TEST                                                                  11/18/2018 10:43:30 PAGE 1   


C51 COMPILER V7.06, COMPILATION OF MODULE TEST
OBJECT MODULE PLACED IN test.OBJ
COMPILER INVOKED BY: C:\Keil\C51\BIN\C51.EXE test.c OPTIMIZE(9,SPEED) BROWSE DEBUG OBJECTEXTEND

stmt level    source

   1          /* 
   2          
   3          */
   4          #include <reg52.H>
   5          #include <intrins.h>
   6          
   7          //////////////// LCD IO ////////////////
   8          sbit lcd_cs=P2^4;   //片选
   9          sbit lcd_rs=P2^3;    //命令，数据
  10          sbit lcd_en=P2^2;    //时钟
  11          sbit lcd_wr=P2^1;    //读 or 写
  12          sbit lcd_reset=P2^0; //RESET
  13          #define DataPort P0  //总线
  14          ////////////// FLASH ///////////////////
  15          sbit FLASH_CS=P1^4;
  16          
  17          #include "spi.c"
  18          #include "lcd240160.c"     //LCD 240*160 驱动程序
  19          #include "lcd_printf.c"    //字符打印
  20          
  21          
  22          
  23          void readme()
  24          {
  25   1      cls(0x0000);
  26   1      printf(1,2,"液晶屏面向自己，引脚左起",31,0);
  27   1      line(0,22,240,31);
  28   1      printf(1,30,"1 D7  2 D6  3 D5  4 D4",31,0);
  29   1      printf(1,50,"5 D3  6 D2  7 D1  8 D0",31,0);
  30   1      printf(1,70,"9 RST 10WR  11RD  12A0",31,0);
  31   1      printf(1,90,"13CS  14GND 15VCC 16灯负极",31,0);
  32   1      printf(1,110,"17红灯正极  18白灯正极",31,0);
  33   1      line(0,132,240,31);
  34   1      printf(1,140,"初始化代码兼容ST75256",31,0);
  35   1      
  36   1      delay(60000);
  37   1      }
  38          
  39          
  40          void picture()
  41          {
  42   1      unsigned char y;
  43   1      unsigned char i;
  44   1      cls(0x0000);
  45   1      for(y=50;y<100;y++)
  46   1       {
  47   2        locate(5,y);
  48   2        for(i=0;i<32;i++)
  49   2        {
  50   3         transfer_data_lcd(encode(i,i,i)>>8);
  51   3         transfer_data_lcd(encode(i,i,i));
  52   3         transfer_data_lcd(encode(i,i,i)>>8);
  53   3         transfer_data_lcd(encode(i,i,i));
  54   3        }
  55   2       
C51 COMPILER V7.06   TEST                                                                  11/18/2018 10:43:30 PAGE 2   

  56   2       }
  57   1      printf(10,15,"三十二级亮度黑白演示",31,0);
  58   1      printf(13,130,"暗 <---------> 亮",31,0);
  59   1      delay(60000);
  60   1      }
  61          
  62          
  63          
  64          /*------------------
  65                M A I N
  66          -------------------*/
  67          void main()
  68          {
  69   1      unsigned char i;
  70   1      
  71   1      InitSPI();
  72   1      initial_lcd(); //对液晶模块进行初始化设置
  73   1      
  74   1      while(1)
  75   1      {
  76   2      cls(0x0000);
  77   2      printf(0,0,"* LCD 240*160 32级灰度屏 *",31,0);
  78   2      printf(6,40,"中英文字符和图形测试",31,0);
  79   2      printf(6,60,"单片机：STC12C5a60s2",31,0);
  80   2      printf(6,80,"灰度级别 0<---->31",31,0);
  81   2      printf(24,140,"2018-11-15 第10版",31,0);
  82   2      line(0,20,240,31);
  83   2      line(0,22,240,31);
  84   2      for(i=0;i<16;i++)
  85   2       printf_c(5+i*4,100,'*',i,0);
  86   2      for(;i<32;i++)
  87   2       printf_c(5+(i-16)*4,120,'*',i,0);
  88   2      delay(60000);
  89   2      
  90   2      readme();
  91   2      picture();
  92   2      
  93   2      
  94   2      }
  95   1      
  96   1      }
  97          
  98          
  99          


MODULE INFORMATION:   STATIC OVERLAYABLE
   CODE SIZE        =   1580    ----
   CONSTANT SIZE    =   1847    ----
   XDATA SIZE       =   ----    ----
   PDATA SIZE       =   ----    ----
   DATA SIZE        =   ----      40
   IDATA SIZE       =   ----    ----
   BIT SIZE         =   ----    ----
END OF MODULE INFORMATION.


C51 COMPILATION COMPLETE.  0 WARNING(S),  0 ERROR(S)
